
   FAIL  Tests\Feature\RegistrationTest
  Γ¿» registration screen can be rendered
  Γ¿» registration screen cannot be rendered if support is disabled
  Γ¿» new users can register
  ΓöÇΓöÇΓöÇΓöÇΓöÇΓöÇΓöÇΓöÇΓöÇΓöÇΓöÇΓöÇΓöÇΓöÇΓöÇΓöÇΓöÇΓöÇΓöÇ  
  ΓÇª   QueryException   
  Database file at path [db_absensi_karyawan_test] does not exist. Ensure this is an absolute path to the database. (Connection: sqlite, SQL: select exists (select 1 from sqlite_master where name = 'migrations' and type = 'table') as "exists")

  at vendor\laravel\framework\src\Illuminate\Database\Connectors\SQLiteConnector.php:37
     33Γûò         // Here we'll verify that the SQLite database exists before going any further
     34Γûò         // as the developer probably wants to know if the database exists and this
     35Γûò         // SQLite driver will not throw any exception if it does not by default.
     36Γûò         if ($path === false) {
  Γ₧£  37Γûò             throw new SQLiteDatabaseDoesNotExistException($config['database']);
     38Γûò         }
     39Γûò 
     40Γûò         return $this->createConnection("sqlite:{$path}", $config, $options);
     41Γûò     }

  1   vendor\laravel\framework\src\Illuminate\Database\Connectors\SQLiteConnector.php:37
  2   vendor\laravel\framework\src\Illuminate\Database\Connectors\ConnectionFactory.php:224

  ΓöÇΓöÇΓöÇΓöÇΓöÇΓöÇΓöÇΓöÇΓöÇΓöÇΓöÇΓöÇΓöÇΓöÇΓöÇΓöÇΓöÇΓöÇΓöÇ  
  ΓÇª   QueryException   
  Database file at path [db_absensi_karyawan_test] does not exist. Ensure this is an absolute path to the database. (Connection: sqlite, SQL: select exists (select 1 from sqlite_master where name = 'migrations' and type = 'table') as "exists")

  at vendor\laravel\framework\src\Illuminate\Database\Connectors\SQLiteConnector.php:37
     33Γûò         // Here we'll verify that the SQLite database exists before going any further
     34Γûò         // as the developer probably wants to know if the database exists and this
     35Γûò         // SQLite driver will not throw any exception if it does not by default.
     36Γûò         if ($path === false) {
  Γ₧£  37Γûò             throw new SQLiteDatabaseDoesNotExistException($config['database']);
     38Γûò         }
     39Γûò 
     40Γûò         return $this->createConnection("sqlite:{$path}", $config, $options);
     41Γûò     }

  1   vendor\laravel\framework\src\Illuminate\Database\Connectors\SQLiteConnector.php:37
  2   vendor\laravel\framework\src\Illuminate\Database\Connectors\ConnectionFactory.php:224

  ΓöÇΓöÇΓöÇΓöÇΓöÇΓöÇΓöÇΓöÇΓöÇΓöÇΓöÇΓöÇΓöÇΓöÇΓöÇΓöÇΓöÇΓöÇΓöÇ  
  ΓÇª   QueryException   
  Database file at path [db_absensi_karyawan_test] does not exist. Ensure this is an absolute path to the database. (Connection: sqlite, SQL: select exists (select 1 from sqlite_master where name = 'migrations' and type = 'table') as "exists")

  at vendor\laravel\framework\src\Illuminate\Database\Connectors\SQLiteConnector.php:37
     33Γûò         // Here we'll verify that the SQLite database exists before going any further
     34Γûò         // as the developer probably wants to know if the database exists and this
     35Γûò         // SQLite driver will not throw any exception if it does not by default.
     36Γûò         if ($path === false) {
  Γ₧£  37Γûò             throw new SQLiteDatabaseDoesNotExistException($config['database']);
     38Γûò         }
     39Γûò 
     40Γûò         return $this->createConnection("sqlite:{$path}", $config, $options);
     41Γûò     }

  1   vendor\laravel\framework\src\Illuminate\Database\Connectors\SQLiteConnector.php:37
  2   vendor\laravel\framework\src\Illuminate\Database\Connectors\ConnectionFactory.php:224


  Tests:    3 failed (0 assertions)
  Duration: 0.30s

